// Jest Snapshot v1, https://goo.gl/fbAQLP

exports[`PageTitleComponent snapshot test 1`] = `<span />`;
